
> drsthethos@0.0.0 build
> vite build

[36mvite v8.0.3 [32mbuilding client environment for production...[36m[39m
[2K
transforming...Γ£ô 1735 modules transformed.
rendering chunks...
node.exe : [31mΓ£ù[39m Build failed in 369ms
At line:1 char:1
+ & "C:\Program Files\nodejs/node.exe" 
"C:\Users\prash\AppData\Roaming\ ...
+ ~~~~~~~~~~~~~~~~~~~~~~~~~~~~~~~~~~~~~~~~~~~~~~~~~~~
~~~~~~~~~~~~~~~~~~
    + CategoryInfo          : NotSpecified: ([31mΓ£ 
   ù[39m Build failed in 369ms:String) [], RemoteE  
  xception
    + FullyQualifiedErrorId : NativeCommandError
 
[31merror during build:
[31mBuild failed with 4 errors:

[31m[MISSING_EXPORT] Error:[0m "Linkedin" is not 
exported by 
"node_modules/lucide-react/dist/esm/lucide-react.js".
   
[38;5;246mΓò¡[0m[38;5;246mΓöÇ[0m[38;5;246m[[0m 
src/components/Footer.jsx:3:10 [38;5;246m][0m
   [38;5;246mΓöé[0m
 [38;5;246m3 Γöé[0m [38;5;249mi[0m[38;5;249mm[0
m[38;5;249mp[0m[38;5;249mo[0m[38;5;249mr[0m[38
;5;249mt[0m[38;5;249m 
[0m[38;5;249m{[0m[38;5;249m 
[0mLinkedin[38;5;249m,[0m[38;5;249m [0m[38;5;24
9mT[0m[38;5;249mw[0m[38;5;249mi[0m[38;5;249mt[
0m[38;5;249mt[0m[38;5;249me[0m[38;5;249mr[0m[3
8;5;249m,[0m[38;5;249m [0m[38;5;249mF[0m[38;5;2
49ma[0m[38;5;249mc[0m[38;5;249me[0m[38;5;249mb
[0m[38;5;249mo[0m[38;5;249mo[0m[38;5;249mk[0m[
38;5;249m,[0m[38;5;249m [0m[38;5;249mI[0m[38;5;
249mn[0m[38;5;249ms[0m[38;5;249mt[0m[38;5;249ma
[0m[38;5;249mg[0m[38;5;249mr[0m[38;5;249ma[0m
[38;5;249mm[0m[38;5;249m 
[0m[38;5;249m}[0m[38;5;249m [0m[38;5;249mf[0m
[38;5;249mr[0m[38;5;249mo[0m[38;5;249mm[0m[38;5
;249m [0m[38;5;249m"[0m[38;5;249ml[0m[38;5;249m
u[0m[38;5;249mc[0m[38;5;249mi[0m[38;5;249md[0m
[38;5;249me[0m[38;5;249m-[0m[38;5;249mr[0m[38;
5;249me[0m[38;5;249ma[0m[38;5;249mc[0m[38;5;249
mt[0m[38;5;249m"[0m[38;5;249m;[0m
 [38;5;240m  Γöé[0m          
ΓöÇΓöÇΓöÇΓöÇΓö¼ΓöÇΓöÇΓöÇ  
 [38;5;240m  Γöé[0m              
Γò░ΓöÇΓöÇΓöÇΓöÇΓöÇ Missing export
[38;5;246mΓöÇΓöÇΓöÇΓò»[0m

[31m[MISSING_EXPORT] Error:[0m "Twitter" is not 
exported by 
"node_modules/lucide-react/dist/esm/lucide-react.js".
   
[38;5;246mΓò¡[0m[38;5;246mΓöÇ[0m[38;5;246m[[0m 
src/components/Footer.jsx:3:20 [38;5;246m][0m
   [38;5;246mΓöé[0m
 [38;5;246m3 Γöé[0m [38;5;249mi[0m[38;5;249mm[0
m[38;5;249mp[0m[38;5;249mo[0m[38;5;249mr[0m[38
;5;249mt[0m[38;5;249m 
[0m[38;5;249m{[0m[38;5;249m [0m[38;5;249mL[0m
[38;5;249mi[0m[38;5;249mn[0m[38;5;249mk[0m[38;5
;249me[0m[38;5;249md[0m[38;5;249mi[0m[38;5;249m
n[0m[38;5;249m,[0m[38;5;249m 
[0mTwitter[38;5;249m,[0m[38;5;249m [0m[38;5;249
mF[0m[38;5;249ma[0m[38;5;249mc[0m[38;5;249me[0
m[38;5;249mb[0m[38;5;249mo[0m[38;5;249mo[0m[38
;5;249mk[0m[38;5;249m,[0m[38;5;249m [0m[38;5;24
9mI[0m[38;5;249mn[0m[38;5;249ms[0m[38;5;249mt[
0m[38;5;249ma[0m[38;5;249mg[0m[38;5;249mr[0m[3
8;5;249ma[0m[38;5;249mm[0m[38;5;249m 
[0m[38;5;249m}[0m[38;5;249m [0m[38;5;249mf[0m
[38;5;249mr[0m[38;5;249mo[0m[38;5;249mm[0m[38;5
;249m [0m[38;5;249m"[0m[38;5;249ml[0m[38;5;249m
u[0m[38;5;249mc[0m[38;5;249mi[0m[38;5;249md[0m
[38;5;249me[0m[38;5;249m-[0m[38;5;249mr[0m[38;
5;249me[0m[38;5;249ma[0m[38;5;249mc[0m[38;5;249
mt[0m[38;5;249m"[0m[38;5;249m;[0m
 [38;5;240m  Γöé[0m                    
ΓöÇΓöÇΓöÇΓö¼ΓöÇΓöÇΓöÇ  
 [38;5;240m  Γöé[0m                       
Γò░ΓöÇΓöÇΓöÇΓöÇΓöÇ Missing export
[38;5;246mΓöÇΓöÇΓöÇΓò»[0m

[31m[MISSING_EXPORT] Error:[0m "Facebook" is not 
exported by 
"node_modules/lucide-react/dist/esm/lucide-react.js".
   
[38;5;246mΓò¡[0m[38;5;246mΓöÇ[0m[38;5;246m[[0m 
src/components/Footer.jsx:3:29 [38;5;246m][0m
   [38;5;246mΓöé[0m
 [38;5;246m3 Γöé[0m [38;5;249mi[0m[38;5;249mm[0
m[38;5;249mp[0m[38;5;249mo[0m[38;5;249mr[0m[38
;5;249mt[0m[38;5;249m 
[0m[38;5;249m{[0m[38;5;249m [0m[38;5;249mL[0m
[38;5;249mi[0m[38;5;249mn[0m[38;5;249mk[0m[38;5
;249me[0m[38;5;249md[0m[38;5;249mi[0m[38;5;249m
n[0m[38;5;249m,[0m[38;5;249m [0m[38;5;249mT[0m
[38;5;249mw[0m[38;5;249mi[0m[38;5;249mt[0m[38;
5;249mt[0m[38;5;249me[0m[38;5;249mr[0m[38;5;249
m,[0m[38;5;249m 
[0mFacebook[38;5;249m,[0m[38;5;249m [0m[38;5;24
9mI[0m[38;5;249mn[0m[38;5;249ms[0m[38;5;249mt[
0m[38;5;249ma[0m[38;5;249mg[0m[38;5;249mr[0m[3
8;5;249ma[0m[38;5;249mm[0m[38;5;249m 
[0m[38;5;249m}[0m[38;5;249m [0m[38;5;249mf[0m
[38;5;249mr[0m[38;5;249mo[0m[38;5;249mm[0m[38;5
;249m [0m[38;5;249m"[0m[38;5;249ml[0m[38;5;249m
u[0m[38;5;249mc[0m[38;5;249mi[0m[38;5;249md[0m
[38;5;249me[0m[38;5;249m-[0m[38;5;249mr[0m[38;
5;249me[0m[38;5;249ma[0m[38;5;249mc[0m[38;5;249
mt[0m[38;5;249m"[0m[38;5;249m;[0m
 [38;5;240m  Γöé[0m                             
ΓöÇΓöÇΓöÇΓöÇΓö¼ΓöÇΓöÇΓöÇ  
 [38;5;240m  Γöé[0m                                
 Γò░ΓöÇΓöÇΓöÇΓöÇΓöÇ Missing export
[38;5;246mΓöÇΓöÇΓöÇΓò»[0m

[31m[MISSING_EXPORT] Error:[0m "Instagram" is not 
exported by 
"node_modules/lucide-react/dist/esm/lucide-react.js".
   
[38;5;246mΓò¡[0m[38;5;246mΓöÇ[0m[38;5;246m[[0m 
src/components/Footer.jsx:3:39 [38;5;246m][0m
   [38;5;246mΓöé[0m
 [38;5;246m3 Γöé[0m [38;5;249mi[0m[38;5;249mm[0
m[38;5;249mp[0m[38;5;249mo[0m[38;5;249mr[0m[38
;5;249mt[0m[38;5;249m 
[0m[38;5;249m{[0m[38;5;249m [0m[38;5;249mL[0m
[38;5;249mi[0m[38;5;249mn[0m[38;5;249mk[0m[38;5
;249me[0m[38;5;249md[0m[38;5;249mi[0m[38;5;249m
n[0m[38;5;249m,[0m[38;5;249m [0m[38;5;249mT[0m
[38;5;249mw[0m[38;5;249mi[0m[38;5;249mt[0m[38;
5;249mt[0m[38;5;249me[0m[38;5;249mr[0m[38;5;249
m,[0m[38;5;249m [0m[38;5;249mF[0m[38;5;249ma[0
m[38;5;249mc[0m[38;5;249me[0m[38;5;249mb[0m[38
;5;249mo[0m[38;5;249mo[0m[38;5;249mk[0m[38;5;24
9m,[0m[38;5;249m [0mInstagram[38;5;249m 
[0m[38;5;249m}[0m[38;5;249m [0m[38;5;249mf[0m
[38;5;249mr[0m[38;5;249mo[0m[38;5;249mm[0m[38;5
;249m [0m[38;5;249m"[0m[38;5;249ml[0m[38;5;249m
u[0m[38;5;249mc[0m[38;5;249mi[0m[38;5;249md[0m
[38;5;249me[0m[38;5;249m-[0m[38;5;249mr[0m[38;
5;249me[0m[38;5;249ma[0m[38;5;249mc[0m[38;5;249
mt[0m[38;5;249m"[0m[38;5;249m;[0m
 [38;5;240m  Γöé[0m                                
       ΓöÇΓöÇΓöÇΓöÇΓö¼ΓöÇΓöÇΓöÇΓöÇ  
 [38;5;240m  Γöé[0m                                
           Γò░ΓöÇΓöÇΓöÇΓöÇΓöÇΓöÇ Missing export
[38;5;246mΓöÇΓöÇΓöÇΓò»[0m
[31m
    at aggregateBindingErrorsIntoJsError (file:///C:/
Users/prash/Desktop/drsthethos/node_modules/rolldown/
dist/shared/error-BLhcSyeg.mjs:48:18)
    at unwrapBindingResult (file:///C:/Users/prash/De
sktop/drsthethos/node_modules/rolldown/dist/shared/er
ror-BLhcSyeg.mjs:18:128)
    at #build (file:///C:/Users/prash/Desktop/drsthet
hos/node_modules/rolldown/dist/shared/rolldown-build-
CPrIX9V6.mjs:3313:34)
    at async buildEnvironment (file:///C:/Users/prash
/Desktop/drsthethos/node_modules/vite/dist/node/chunk
s/node.js:32849:64)
    at async Object.build (file:///C:/Users/prash/Des
ktop/drsthethos/node_modules/vite/dist/node/chunks/no
de.js:33271:19)
    at async Object.buildApp (file:///C:/Users/prash/
Desktop/drsthethos/node_modules/vite/dist/node/chunks
/node.js:33268:153)
    at async CAC.<anonymous> (file:///C:/Users/prash/
Desktop/drsthethos/node_modules/vite/dist/node/cli.js
:778:3) {
  errors: [Getter/Setter]
}[39m
